{"timestamp":"2025-06-13 13:55:25","thread":"main","level":"INFO","logger":"com.example.serv1.Serv1ApplicationTests","message":"Starting Serv1ApplicationTests using Java 21.0.6 with PID 18304 (started by nelus in C:\\Projects\\mycode-projects\\crud-app\\crud-command)","serviceName":"kube-ms1"}
{"timestamp":"2025-06-13 13:55:25","thread":"main","level":"INFO","logger":"com.example.serv1.Serv1ApplicationTests","message":"No active profile set, falling back to 1 default profile: \"default\"","serviceName":"kube-ms1"}
{"timestamp":"2025-06-13 13:55:28","thread":"main","level":"INFO","logger":"org.springframework.data.repository.config.RepositoryConfigurationDelegate","message":"Bootstrapping Spring Data JPA repositories in DEFAULT mode.","serviceName":"kube-ms1"}
{"timestamp":"2025-06-13 13:55:28","thread":"main","level":"INFO","logger":"org.springframework.data.repository.config.RepositoryConfigurationDelegate","message":"Finished Spring Data repository scanning in 130 ms. Found 1 JPA repository interface.","serviceName":"kube-ms1"}
{"timestamp":"2025-06-13 13:55:29","thread":"main","level":"INFO","logger":"org.hibernate.jpa.internal.util.LogHelper","message":"HHH000204: Processing PersistenceUnitInfo [name: default]","serviceName":"kube-ms1"}
{"timestamp":"2025-06-13 13:55:30","thread":"main","level":"INFO","logger":"org.hibernate.Version","message":"HHH000412: Hibernate ORM core version 6.6.2.Final","serviceName":"kube-ms1"}
{"timestamp":"2025-06-13 13:55:30","thread":"main","level":"INFO","logger":"org.hibernate.cache.internal.RegionFactoryInitiator","message":"HHH000026: Second-level cache disabled","serviceName":"kube-ms1"}
{"timestamp":"2025-06-13 13:55:30","thread":"main","level":"INFO","logger":"org.springframework.orm.jpa.persistenceunit.SpringPersistenceUnitInfo","message":"No LoadTimeWeaver setup: ignoring JPA class transformer","serviceName":"kube-ms1"}
{"timestamp":"2025-06-13 13:55:33","thread":"main","level":"INFO","logger":"org.hibernate.engine.transaction.jta.platform.internal.JtaPlatformInitiator","message":"HHH000489: No JTA platform available (set 'hibernate.transaction.jta.platform' to enable JTA platform integration)","serviceName":"kube-ms1"}
{"timestamp":"2025-06-13 13:55:33","thread":"main","level":"INFO","logger":"org.springframework.orm.jpa.LocalContainerEntityManagerFactoryBean","message":"Initialized JPA EntityManagerFactory for persistence unit 'default'","serviceName":"kube-ms1"}
{"timestamp":"2025-06-13 13:55:33","thread":"main","level":"INFO","logger":"org.springframework.data.jpa.repository.query.QueryEnhancerFactory","message":"Hibernate is in classpath; If applicable, HQL parser will be used.","serviceName":"kube-ms1"}
{"timestamp":"2025-06-13 13:55:35","thread":"main","level":"WARN","logger":"org.springframework.boot.autoconfigure.orm.jpa.JpaBaseConfiguration$JpaWebConfiguration","message":"spring.jpa.open-in-view is enabled by default. Therefore, database queries may be performed during view rendering. Explicitly configure spring.jpa.open-in-view to disable this warning","serviceName":"kube-ms1"}
{"timestamp":"2025-06-13 13:55:35","thread":"main","level":"INFO","logger":"org.springframework.security.config.annotation.authentication.configuration.InitializeAuthenticationProviderBeanManagerConfigurer$InitializeAuthenticationProviderManagerConfigurer","message":"Global AuthenticationManager configured with AuthenticationProvider bean with name authenticationProvider","serviceName":"kube-ms1"}
{"timestamp":"2025-06-13 13:55:37","thread":"main","level":"INFO","logger":"org.springframework.boot.actuate.endpoint.web.EndpointLinksResolver","message":"Exposing 2 endpoints beneath base path '/actuator'","serviceName":"kube-ms1"}
{"timestamp":"2025-06-13 13:55:39","thread":"main","level":"INFO","logger":"com.example.serv1.Serv1ApplicationTests","message":"Started Serv1ApplicationTests in 15.668 seconds (process running for 18.75)","serviceName":"kube-ms1"}
{"timestamp":"2025-06-13 13:55:40","thread":"SpringApplicationShutdownHook","level":"INFO","logger":"org.springframework.orm.jpa.LocalContainerEntityManagerFactoryBean","message":"Closing JPA EntityManagerFactory for persistence unit 'default'","serviceName":"kube-ms1"}
{"timestamp":"2025-06-13 14:24:10","thread":"main","level":"INFO","logger":"com.example.serv1.Serv1ApplicationTests","message":"Starting Serv1ApplicationTests using Java 21.0.6 with PID 16608 (started by nelus in C:\\Projects\\mycode-projects\\crud-app\\crud-command)","serviceName":"kube-ms1"}
{"timestamp":"2025-06-13 14:24:10","thread":"main","level":"INFO","logger":"com.example.serv1.Serv1ApplicationTests","message":"No active profile set, falling back to 1 default profile: \"default\"","serviceName":"kube-ms1"}
{"timestamp":"2025-06-13 14:24:13","thread":"main","level":"INFO","logger":"org.springframework.data.repository.config.RepositoryConfigurationDelegate","message":"Bootstrapping Spring Data JPA repositories in DEFAULT mode.","serviceName":"kube-ms1"}
{"timestamp":"2025-06-13 14:24:13","thread":"main","level":"INFO","logger":"org.springframework.data.repository.config.RepositoryConfigurationDelegate","message":"Finished Spring Data repository scanning in 124 ms. Found 1 JPA repository interface.","serviceName":"kube-ms1"}
{"timestamp":"2025-06-13 14:24:15","thread":"main","level":"INFO","logger":"org.hibernate.jpa.internal.util.LogHelper","message":"HHH000204: Processing PersistenceUnitInfo [name: default]","serviceName":"kube-ms1"}
{"timestamp":"2025-06-13 14:24:15","thread":"main","level":"INFO","logger":"org.hibernate.Version","message":"HHH000412: Hibernate ORM core version 6.6.2.Final","serviceName":"kube-ms1"}
{"timestamp":"2025-06-13 14:24:15","thread":"main","level":"INFO","logger":"org.hibernate.cache.internal.RegionFactoryInitiator","message":"HHH000026: Second-level cache disabled","serviceName":"kube-ms1"}
{"timestamp":"2025-06-13 14:24:16","thread":"main","level":"INFO","logger":"org.springframework.orm.jpa.persistenceunit.SpringPersistenceUnitInfo","message":"No LoadTimeWeaver setup: ignoring JPA class transformer","serviceName":"kube-ms1"}
{"timestamp":"2025-06-13 14:24:18","thread":"main","level":"INFO","logger":"org.hibernate.engine.transaction.jta.platform.internal.JtaPlatformInitiator","message":"HHH000489: No JTA platform available (set 'hibernate.transaction.jta.platform' to enable JTA platform integration)","serviceName":"kube-ms1"}
{"timestamp":"2025-06-13 14:24:18","thread":"main","level":"INFO","logger":"org.springframework.orm.jpa.LocalContainerEntityManagerFactoryBean","message":"Initialized JPA EntityManagerFactory for persistence unit 'default'","serviceName":"kube-ms1"}
{"timestamp":"2025-06-13 14:24:19","thread":"main","level":"INFO","logger":"org.springframework.data.jpa.repository.query.QueryEnhancerFactory","message":"Hibernate is in classpath; If applicable, HQL parser will be used.","serviceName":"kube-ms1"}
{"timestamp":"2025-06-13 14:24:21","thread":"main","level":"WARN","logger":"org.springframework.boot.autoconfigure.orm.jpa.JpaBaseConfiguration$JpaWebConfiguration","message":"spring.jpa.open-in-view is enabled by default. Therefore, database queries may be performed during view rendering. Explicitly configure spring.jpa.open-in-view to disable this warning","serviceName":"kube-ms1"}
{"timestamp":"2025-06-13 14:24:21","thread":"main","level":"INFO","logger":"org.springframework.security.config.annotation.authentication.configuration.InitializeAuthenticationProviderBeanManagerConfigurer$InitializeAuthenticationProviderManagerConfigurer","message":"Global AuthenticationManager configured with AuthenticationProvider bean with name authenticationProvider","serviceName":"kube-ms1"}
{"timestamp":"2025-06-13 14:24:23","thread":"main","level":"INFO","logger":"org.springframework.boot.actuate.endpoint.web.EndpointLinksResolver","message":"Exposing 2 endpoints beneath base path '/actuator'","serviceName":"kube-ms1"}
{"timestamp":"2025-06-13 14:24:25","thread":"main","level":"INFO","logger":"com.example.serv1.Serv1ApplicationTests","message":"Started Serv1ApplicationTests in 17.115 seconds (process running for 19.489)","serviceName":"kube-ms1"}
{"timestamp":"2025-06-13 14:24:26","thread":"SpringApplicationShutdownHook","level":"INFO","logger":"org.springframework.orm.jpa.LocalContainerEntityManagerFactoryBean","message":"Closing JPA EntityManagerFactory for persistence unit 'default'","serviceName":"kube-ms1"}
{"timestamp":"2025-06-13 14:33:19","thread":"main","level":"INFO","logger":"com.example.serv1.Serv1ApplicationTests","message":"Starting Serv1ApplicationTests using Java 21.0.6 with PID 10088 (started by nelus in C:\\Projects\\mycode-projects\\crud-app\\crud-command)","serviceName":"kube-ms1"}
{"timestamp":"2025-06-13 14:33:19","thread":"main","level":"INFO","logger":"com.example.serv1.Serv1ApplicationTests","message":"No active profile set, falling back to 1 default profile: \"default\"","serviceName":"kube-ms1"}
{"timestamp":"2025-06-13 14:33:21","thread":"main","level":"INFO","logger":"org.springframework.data.repository.config.RepositoryConfigurationDelegate","message":"Bootstrapping Spring Data JPA repositories in DEFAULT mode.","serviceName":"kube-ms1"}
{"timestamp":"2025-06-13 14:33:21","thread":"main","level":"INFO","logger":"org.springframework.data.repository.config.RepositoryConfigurationDelegate","message":"Finished Spring Data repository scanning in 114 ms. Found 1 JPA repository interface.","serviceName":"kube-ms1"}
{"timestamp":"2025-06-13 14:33:23","thread":"main","level":"INFO","logger":"org.hibernate.jpa.internal.util.LogHelper","message":"HHH000204: Processing PersistenceUnitInfo [name: default]","serviceName":"kube-ms1"}
{"timestamp":"2025-06-13 14:33:23","thread":"main","level":"INFO","logger":"org.hibernate.Version","message":"HHH000412: Hibernate ORM core version 6.6.2.Final","serviceName":"kube-ms1"}
{"timestamp":"2025-06-13 14:33:23","thread":"main","level":"INFO","logger":"org.hibernate.cache.internal.RegionFactoryInitiator","message":"HHH000026: Second-level cache disabled","serviceName":"kube-ms1"}
{"timestamp":"2025-06-13 14:33:24","thread":"main","level":"INFO","logger":"org.springframework.orm.jpa.persistenceunit.SpringPersistenceUnitInfo","message":"No LoadTimeWeaver setup: ignoring JPA class transformer","serviceName":"kube-ms1"}
{"timestamp":"2025-06-13 14:33:26","thread":"main","level":"INFO","logger":"org.hibernate.engine.transaction.jta.platform.internal.JtaPlatformInitiator","message":"HHH000489: No JTA platform available (set 'hibernate.transaction.jta.platform' to enable JTA platform integration)","serviceName":"kube-ms1"}
{"timestamp":"2025-06-13 14:33:26","thread":"main","level":"INFO","logger":"org.springframework.orm.jpa.LocalContainerEntityManagerFactoryBean","message":"Initialized JPA EntityManagerFactory for persistence unit 'default'","serviceName":"kube-ms1"}
{"timestamp":"2025-06-13 14:33:27","thread":"main","level":"INFO","logger":"org.springframework.data.jpa.repository.query.QueryEnhancerFactory","message":"Hibernate is in classpath; If applicable, HQL parser will be used.","serviceName":"kube-ms1"}
{"timestamp":"2025-06-13 14:33:29","thread":"main","level":"WARN","logger":"org.springframework.boot.autoconfigure.orm.jpa.JpaBaseConfiguration$JpaWebConfiguration","message":"spring.jpa.open-in-view is enabled by default. Therefore, database queries may be performed during view rendering. Explicitly configure spring.jpa.open-in-view to disable this warning","serviceName":"kube-ms1"}
{"timestamp":"2025-06-13 14:33:29","thread":"main","level":"INFO","logger":"org.springframework.security.config.annotation.authentication.configuration.InitializeAuthenticationProviderBeanManagerConfigurer$InitializeAuthenticationProviderManagerConfigurer","message":"Global AuthenticationManager configured with AuthenticationProvider bean with name authenticationProvider","serviceName":"kube-ms1"}
{"timestamp":"2025-06-13 14:33:31","thread":"main","level":"INFO","logger":"org.springframework.boot.actuate.endpoint.web.EndpointLinksResolver","message":"Exposing 2 endpoints beneath base path '/actuator'","serviceName":"kube-ms1"}
{"timestamp":"2025-06-13 14:33:33","thread":"main","level":"INFO","logger":"com.example.serv1.Serv1ApplicationTests","message":"Started Serv1ApplicationTests in 15.951 seconds (process running for 18.326)","serviceName":"kube-ms1"}
{"timestamp":"2025-06-13 14:33:34","thread":"SpringApplicationShutdownHook","level":"INFO","logger":"org.springframework.orm.jpa.LocalContainerEntityManagerFactoryBean","message":"Closing JPA EntityManagerFactory for persistence unit 'default'","serviceName":"kube-ms1"}
{"timestamp":"2025-06-13 14:34:17","thread":"main","level":"INFO","logger":"com.example.serv1.Serv1ApplicationTests","message":"Starting Serv1ApplicationTests using Java 21.0.6 with PID 11908 (started by nelus in C:\\Projects\\mycode-projects\\crud-app\\crud-command)","serviceName":"kube-ms1"}
{"timestamp":"2025-06-13 14:34:18","thread":"main","level":"INFO","logger":"com.example.serv1.Serv1ApplicationTests","message":"No active profile set, falling back to 1 default profile: \"default\"","serviceName":"kube-ms1"}
{"timestamp":"2025-06-13 14:34:20","thread":"main","level":"INFO","logger":"org.springframework.data.repository.config.RepositoryConfigurationDelegate","message":"Bootstrapping Spring Data JPA repositories in DEFAULT mode.","serviceName":"kube-ms1"}
{"timestamp":"2025-06-13 14:34:20","thread":"main","level":"INFO","logger":"org.springframework.data.repository.config.RepositoryConfigurationDelegate","message":"Finished Spring Data repository scanning in 115 ms. Found 1 JPA repository interface.","serviceName":"kube-ms1"}
{"timestamp":"2025-06-13 14:34:22","thread":"main","level":"INFO","logger":"org.hibernate.jpa.internal.util.LogHelper","message":"HHH000204: Processing PersistenceUnitInfo [name: default]","serviceName":"kube-ms1"}
{"timestamp":"2025-06-13 14:34:22","thread":"main","level":"INFO","logger":"org.hibernate.Version","message":"HHH000412: Hibernate ORM core version 6.6.2.Final","serviceName":"kube-ms1"}
{"timestamp":"2025-06-13 14:34:22","thread":"main","level":"INFO","logger":"org.hibernate.cache.internal.RegionFactoryInitiator","message":"HHH000026: Second-level cache disabled","serviceName":"kube-ms1"}
{"timestamp":"2025-06-13 14:34:23","thread":"main","level":"INFO","logger":"org.springframework.orm.jpa.persistenceunit.SpringPersistenceUnitInfo","message":"No LoadTimeWeaver setup: ignoring JPA class transformer","serviceName":"kube-ms1"}
{"timestamp":"2025-06-13 14:34:25","thread":"main","level":"INFO","logger":"org.hibernate.engine.transaction.jta.platform.internal.JtaPlatformInitiator","message":"HHH000489: No JTA platform available (set 'hibernate.transaction.jta.platform' to enable JTA platform integration)","serviceName":"kube-ms1"}
{"timestamp":"2025-06-13 14:34:25","thread":"main","level":"INFO","logger":"org.springframework.orm.jpa.LocalContainerEntityManagerFactoryBean","message":"Initialized JPA EntityManagerFactory for persistence unit 'default'","serviceName":"kube-ms1"}
{"timestamp":"2025-06-13 14:34:26","thread":"main","level":"INFO","logger":"org.springframework.data.jpa.repository.query.QueryEnhancerFactory","message":"Hibernate is in classpath; If applicable, HQL parser will be used.","serviceName":"kube-ms1"}
{"timestamp":"2025-06-13 14:34:28","thread":"main","level":"WARN","logger":"org.springframework.boot.autoconfigure.orm.jpa.JpaBaseConfiguration$JpaWebConfiguration","message":"spring.jpa.open-in-view is enabled by default. Therefore, database queries may be performed during view rendering. Explicitly configure spring.jpa.open-in-view to disable this warning","serviceName":"kube-ms1"}
{"timestamp":"2025-06-13 14:34:28","thread":"main","level":"INFO","logger":"org.springframework.security.config.annotation.authentication.configuration.InitializeAuthenticationProviderBeanManagerConfigurer$InitializeAuthenticationProviderManagerConfigurer","message":"Global AuthenticationManager configured with AuthenticationProvider bean with name authenticationProvider","serviceName":"kube-ms1"}
{"timestamp":"2025-06-13 14:34:30","thread":"main","level":"INFO","logger":"org.springframework.boot.actuate.endpoint.web.EndpointLinksResolver","message":"Exposing 2 endpoints beneath base path '/actuator'","serviceName":"kube-ms1"}
{"timestamp":"2025-06-13 14:34:32","thread":"main","level":"INFO","logger":"com.example.serv1.Serv1ApplicationTests","message":"Started Serv1ApplicationTests in 16.171 seconds (process running for 18.558)","serviceName":"kube-ms1"}
{"timestamp":"2025-06-13 14:34:33","thread":"SpringApplicationShutdownHook","level":"INFO","logger":"org.springframework.orm.jpa.LocalContainerEntityManagerFactoryBean","message":"Closing JPA EntityManagerFactory for persistence unit 'default'","serviceName":"kube-ms1"}
{"timestamp":"2025-06-13 14:36:09","thread":"main","level":"INFO","logger":"com.example.serv1.Serv1ApplicationTests","message":"Starting Serv1ApplicationTests using Java 21.0.6 with PID 3536 (started by nelus in C:\\Projects\\mycode-projects\\crud-app\\crud-command)","serviceName":"kube-ms1"}
{"timestamp":"2025-06-13 14:36:09","thread":"main","level":"INFO","logger":"com.example.serv1.Serv1ApplicationTests","message":"No active profile set, falling back to 1 default profile: \"default\"","serviceName":"kube-ms1"}
{"timestamp":"2025-06-13 14:36:12","thread":"main","level":"INFO","logger":"org.springframework.data.repository.config.RepositoryConfigurationDelegate","message":"Bootstrapping Spring Data JPA repositories in DEFAULT mode.","serviceName":"kube-ms1"}
{"timestamp":"2025-06-13 14:36:12","thread":"main","level":"INFO","logger":"org.springframework.data.repository.config.RepositoryConfigurationDelegate","message":"Finished Spring Data repository scanning in 133 ms. Found 1 JPA repository interface.","serviceName":"kube-ms1"}
{"timestamp":"2025-06-13 14:36:14","thread":"main","level":"INFO","logger":"org.hibernate.jpa.internal.util.LogHelper","message":"HHH000204: Processing PersistenceUnitInfo [name: default]","serviceName":"kube-ms1"}
{"timestamp":"2025-06-13 14:36:14","thread":"main","level":"INFO","logger":"org.hibernate.Version","message":"HHH000412: Hibernate ORM core version 6.6.2.Final","serviceName":"kube-ms1"}
{"timestamp":"2025-06-13 14:36:14","thread":"main","level":"INFO","logger":"org.hibernate.cache.internal.RegionFactoryInitiator","message":"HHH000026: Second-level cache disabled","serviceName":"kube-ms1"}
{"timestamp":"2025-06-13 14:36:15","thread":"main","level":"INFO","logger":"org.springframework.orm.jpa.persistenceunit.SpringPersistenceUnitInfo","message":"No LoadTimeWeaver setup: ignoring JPA class transformer","serviceName":"kube-ms1"}
{"timestamp":"2025-06-13 14:36:17","thread":"main","level":"INFO","logger":"org.hibernate.engine.transaction.jta.platform.internal.JtaPlatformInitiator","message":"HHH000489: No JTA platform available (set 'hibernate.transaction.jta.platform' to enable JTA platform integration)","serviceName":"kube-ms1"}
{"timestamp":"2025-06-13 14:36:17","thread":"main","level":"INFO","logger":"org.springframework.orm.jpa.LocalContainerEntityManagerFactoryBean","message":"Initialized JPA EntityManagerFactory for persistence unit 'default'","serviceName":"kube-ms1"}
{"timestamp":"2025-06-13 14:36:18","thread":"main","level":"INFO","logger":"org.springframework.data.jpa.repository.query.QueryEnhancerFactory","message":"Hibernate is in classpath; If applicable, HQL parser will be used.","serviceName":"kube-ms1"}
{"timestamp":"2025-06-13 14:36:20","thread":"main","level":"WARN","logger":"org.springframework.boot.autoconfigure.orm.jpa.JpaBaseConfiguration$JpaWebConfiguration","message":"spring.jpa.open-in-view is enabled by default. Therefore, database queries may be performed during view rendering. Explicitly configure spring.jpa.open-in-view to disable this warning","serviceName":"kube-ms1"}
{"timestamp":"2025-06-13 14:36:20","thread":"main","level":"INFO","logger":"org.springframework.security.config.annotation.authentication.configuration.InitializeAuthenticationProviderBeanManagerConfigurer$InitializeAuthenticationProviderManagerConfigurer","message":"Global AuthenticationManager configured with AuthenticationProvider bean with name authenticationProvider","serviceName":"kube-ms1"}
{"timestamp":"2025-06-13 14:36:22","thread":"main","level":"INFO","logger":"org.springframework.boot.actuate.endpoint.web.EndpointLinksResolver","message":"Exposing 2 endpoints beneath base path '/actuator'","serviceName":"kube-ms1"}
{"timestamp":"2025-06-13 14:36:23","thread":"main","level":"INFO","logger":"com.example.serv1.Serv1ApplicationTests","message":"Started Serv1ApplicationTests in 15.905 seconds (process running for 18.037)","serviceName":"kube-ms1"}
{"timestamp":"2025-06-13 14:36:25","thread":"SpringApplicationShutdownHook","level":"INFO","logger":"org.springframework.orm.jpa.LocalContainerEntityManagerFactoryBean","message":"Closing JPA EntityManagerFactory for persistence unit 'default'","serviceName":"kube-ms1"}
{"timestamp":"2025-06-13 14:38:08","thread":"main","level":"INFO","logger":"com.example.serv1.Serv1ApplicationTests","message":"Starting Serv1ApplicationTests using Java 21.0.6 with PID 19940 (started by nelus in C:\\Projects\\mycode-projects\\crud-app\\crud-command)","serviceName":"kube-ms1"}
{"timestamp":"2025-06-13 14:38:08","thread":"main","level":"INFO","logger":"com.example.serv1.Serv1ApplicationTests","message":"No active profile set, falling back to 1 default profile: \"default\"","serviceName":"kube-ms1"}
{"timestamp":"2025-06-13 14:38:11","thread":"main","level":"INFO","logger":"org.springframework.data.repository.config.RepositoryConfigurationDelegate","message":"Bootstrapping Spring Data JPA repositories in DEFAULT mode.","serviceName":"kube-ms1"}
{"timestamp":"2025-06-13 14:38:11","thread":"main","level":"INFO","logger":"org.springframework.data.repository.config.RepositoryConfigurationDelegate","message":"Finished Spring Data repository scanning in 124 ms. Found 1 JPA repository interface.","serviceName":"kube-ms1"}
{"timestamp":"2025-06-13 14:38:13","thread":"main","level":"INFO","logger":"org.hibernate.jpa.internal.util.LogHelper","message":"HHH000204: Processing PersistenceUnitInfo [name: default]","serviceName":"kube-ms1"}
{"timestamp":"2025-06-13 14:38:13","thread":"main","level":"INFO","logger":"org.hibernate.Version","message":"HHH000412: Hibernate ORM core version 6.6.2.Final","serviceName":"kube-ms1"}
{"timestamp":"2025-06-13 14:38:13","thread":"main","level":"INFO","logger":"org.hibernate.cache.internal.RegionFactoryInitiator","message":"HHH000026: Second-level cache disabled","serviceName":"kube-ms1"}
{"timestamp":"2025-06-13 14:38:13","thread":"main","level":"INFO","logger":"org.springframework.orm.jpa.persistenceunit.SpringPersistenceUnitInfo","message":"No LoadTimeWeaver setup: ignoring JPA class transformer","serviceName":"kube-ms1"}
{"timestamp":"2025-06-13 14:38:16","thread":"main","level":"INFO","logger":"org.hibernate.engine.transaction.jta.platform.internal.JtaPlatformInitiator","message":"HHH000489: No JTA platform available (set 'hibernate.transaction.jta.platform' to enable JTA platform integration)","serviceName":"kube-ms1"}
{"timestamp":"2025-06-13 14:38:16","thread":"main","level":"INFO","logger":"org.springframework.orm.jpa.LocalContainerEntityManagerFactoryBean","message":"Initialized JPA EntityManagerFactory for persistence unit 'default'","serviceName":"kube-ms1"}
{"timestamp":"2025-06-13 14:38:16","thread":"main","level":"INFO","logger":"org.springframework.data.jpa.repository.query.QueryEnhancerFactory","message":"Hibernate is in classpath; If applicable, HQL parser will be used.","serviceName":"kube-ms1"}
{"timestamp":"2025-06-13 14:38:19","thread":"main","level":"WARN","logger":"org.springframework.boot.autoconfigure.orm.jpa.JpaBaseConfiguration$JpaWebConfiguration","message":"spring.jpa.open-in-view is enabled by default. Therefore, database queries may be performed during view rendering. Explicitly configure spring.jpa.open-in-view to disable this warning","serviceName":"kube-ms1"}
{"timestamp":"2025-06-13 14:38:19","thread":"main","level":"INFO","logger":"org.springframework.security.config.annotation.authentication.configuration.InitializeAuthenticationProviderBeanManagerConfigurer$InitializeAuthenticationProviderManagerConfigurer","message":"Global AuthenticationManager configured with AuthenticationProvider bean with name authenticationProvider","serviceName":"kube-ms1"}
{"timestamp":"2025-06-13 14:38:20","thread":"main","level":"INFO","logger":"org.springframework.boot.actuate.endpoint.web.EndpointLinksResolver","message":"Exposing 2 endpoints beneath base path '/actuator'","serviceName":"kube-ms1"}
{"timestamp":"2025-06-13 14:38:22","thread":"main","level":"INFO","logger":"com.example.serv1.Serv1ApplicationTests","message":"Started Serv1ApplicationTests in 15.646 seconds (process running for 17.862)","serviceName":"kube-ms1"}
{"timestamp":"2025-06-13 14:38:24","thread":"SpringApplicationShutdownHook","level":"INFO","logger":"org.springframework.orm.jpa.LocalContainerEntityManagerFactoryBean","message":"Closing JPA EntityManagerFactory for persistence unit 'default'","serviceName":"kube-ms1"}
